[shifthtml.themerex.net/index.html]
[backblue.gif]
[fade.gif]
[index.html]
[shifthtml.themerex.net/images/favicon.ico]
[shifthtml.themerex.net/style/style.css]
[shifthtml.themerex.net/style/responsive.css]
[shifthtml.themerex.net/images_post/bigstock-Portrait-Of-A-Beautiful-Mature-7014470-234x234.jpg]
[shifthtml.themerex.net/blog-category-arhive.html]
[shifthtml.themerex.net/cdn-cgi/l/email-protection.html]
[shifthtml.themerex.net/print.html]
[shifthtml.themerex.net/post-text.html]
[shifthtml.themerex.net/images_post/bigstock-Beautiful-young-woman-jumping-15095405.jpg]
[shifthtml.themerex.net/images_post/bigstock-Beautiful-young-woman-jumping-15095405-504x348.jpg]
[shifthtml.themerex.net/portfolio.a.delayed]
[shifthtml.themerex.net/images_post/bigstock-Cheerful-red-haired-girl-15330950.jpg]
[shifthtml.themerex.net/images_post/bigstock-Cheerful-red-haired-girl-15330950-504x348.jpg]
[shifthtml.themerex.net/images_post/bigstock-beautiful-young-woman-in-bikin-43332169.jpg]
[shifthtml.themerex.net/images_post/bigstock-beautiful-young-woman-in-bikin-43332169-504x348.jpg]
[shifthtml.themerex.net/images_post/bigstock-Beautiful-stylish-young-woman-38849389.jpg]
[shifthtml.themerex.net/images_post/bigstock-Beautiful-stylish-young-woman-38849389-504x348.jpg]
[shifthtml.themerex.net/images_post/bigstock-Close-up-image-of-an-office-wo-41874253-1024x682.jpg]
[shifthtml.themerex.net/images_post/bigstock-Close-up-image-of-an-office-wo-41874253-1024x682-504x348.jpg]
[shifthtml.themerex.net/images_post/bigstock-christmas-girl-young-beautifu-38594893.jpg]
[shifthtml.themerex.net/images_post/bigstock-christmas-girl-young-beautifu-38594893-504x348.jpg]
[shifthtml.themerex.net/images_post/bigstock-art-exhibition-28071347d.jpg]
[shifthtml.themerex.net/images_post/bigstock-art-exhibition-28071347d-504x348.jpg]
[shifthtml.themerex.net/images_post/bigstock-sensual-elegant-young-woman-in-34273394.jpg]
[shifthtml.themerex.net/images_post/bigstock-sensual-elegant-young-woman-in-34273394-504x348.jpg]
[shifthtml.themerex.net/images_post/bigstock-Sexy-woman-wearing-red-dress-36516409.jpg]
[shifthtml.themerex.net/images_post/bigstock-Sexy-woman-wearing-red-dress-36516409-504x348.jpg]
[shifthtml.themerex.net/images_post/bigstock-Big-green-alarm-clock-on-dark-44881654.jpg]
[shifthtml.themerex.net/index.html]
[shifthtml.themerex.net/style/style.css]
[shifthtml.themerex.net/style/responsive.css]
[shifthtml.themerex.net/blog-category-arhive.html]
[shifthtml.themerex.net/cdn-cgi/l/email-protection.html]
[shifthtml.themerex.net/print.html]
[shifthtml.themerex.net/post-text.html]
[shifthtml.themerex.net/portfolio.html]
